[www.clickcannabis.com/index.html]
[www.clickcannabis.com/_next/static/media/4c285fdca692ea22-s.p.woff2]
[www.clickcannabis.com/_next/static/media/84455f2b5a591033-s.p.woff2]
[www.clickcannabis.com/_next/static/media/a34f9d1faa5f3315-s.p.woff2]
[www.clickcannabis.com/_next/static/css/b4c774614fae75be.css]
[www.clickcannabis.com/_next/static/css/094d37a5f3569ff5.css]
[www.clickcannabis.com/_next/static/chunks/webpack-39622d50b25d9e6e.js]
[www.clickcannabis.com/_next/static/chunks/4bd1b696-10c72c0a4a5419e8.js]
[www.clickcannabis.com/_next/static/chunks/6215-50a95dd6791d7354.js]
[www.clickcannabis.com/_next/static/chunks/main-app-87e01acfea19d353.js]
[www.clickcannabis.com/_next/static/chunks/8471-f98d5bd032c5d866.js]
[www.clickcannabis.com/_next/static/chunks/app/layout-424e1b3e016e921b.js]
[www.clickcannabis.com/_next/static/chunks/app/page-4968514fb9b3cd16.js]
[www.clickcannabis.com/_next/static/chunks/7138-b4e2531218a05463.js]
[www.clickcannabis.com/_next/static/chunks/7008-c483daa7c6f28cab.js]
[www.clickcannabis.com/_next/static/chunks/4858.b37b37be0aaf0487.js]
[www.clickcannabis.com/_next/static/chunks/211-dc2c0b58018b512c.js]
[www.clickcannabis.com/_next/static/chunks/6648-37879d6b280fc1c6.js]
[www.clickcannabis.com/_next/static/chunks/1095-a618c1319f31289f.js]
[www.clickcannabis.com/_next/static/chunks/4441.0980c86e0a84aae2.js]
[www.clickcannabis.com/_next/static/chunks/229.e40aecbc3745d5a5.js]
[backblue.gif]
[fade.gif]
[index.html]
[www.clickcannabis.com/favicon.ico]
[www.clickcannabis.com/_next/static/chunks/polyfills-42372ed130431b0a.js]
[www.clickcannabis.com/galeria.html]
[www.clickcannabis.com/sobre-nos.html]
[www.clickcannabis.com/seja-parceiro.html]
[www.clickcannabis.com/index.html]
[www.clickcannabis.com/duvidas-frequentes.html]
[www.clickcannabis.com/image/sobrenos/bg-sobre-nos.png]
[www.clickcannabis.com/image/bg-pattern-mobile.png]
[www.clickcannabis.com/image/bg-pattern.png]
[www.clickcannabis.com/_next/static/css/b4c774614fae75be.css]
[www.clickcannabis.com/_next/static/media/6c9a125e97d835e1-s.woff2]
[www.clickcannabis.com/_next/static/media/55c55f0601d81cf3-s.woff2]
[www.clickcannabis.com/_next/static/media/26a46d62cd723877-s.woff2]
[www.clickcannabis.com/_next/static/media/97e0cb1ae144a2a9-s.woff2]
[www.clickcannabis.com/_next/static/media/581909926a08bbc8-s.woff2]
[www.clickcannabis.com/_next/static/media/df0a9ae256c0569c-s.woff2]
[www.clickcannabis.com/_next/static/media/6d93bde91c0c2823-s.woff2]
[www.clickcannabis.com/_next/static/media/630e0b819503bca7-s.woff2]
[www.clickcannabis.com/_next/static/media/6a1a9d784472a388-s.woff2]
[www.clickcannabis.com/_next/static/css/094d37a5f3569ff5.css]
[www.clickcannabis.com/favicon.svg]
[www.clickcannabis.com/image/galeria/click-runner/1.webp]
[www.clickcannabis.com/image/galeria/click-runner/2.webp]
[www.clickcannabis.com/image/galeria/click-runner/3.webp]
[www.clickcannabis.com/image/galeria/click-runner/4.webp]
[www.clickcannabis.com/image/galeria/click-runner/5.webp]
[www.clickcannabis.com/image/galeria/click-runner/6.webp]
[www.clickcannabis.com/image/galeria/click-runner/7.webp]
[www.clickcannabis.com/image/galeria/click-runner/8.webp]
[www.clickcannabis.com/image/galeria/click-runner/9.webp]
[www.clickcannabis.com/image/galeria/click-runner/10.webp]
[www.clickcannabis.com/_next/static/chunks/app/galeria/layout-1ffe5e5e95dc7600.js]
[www.clickcannabis.com/_next/static/chunks/8e1d74a4-53a02d662ffc3698.js]
[www.clickcannabis.com/_next/static/chunks/4868-3b130530899e2973.js]
[www.clickcannabis.com/_next/static/chunks/app/galeria/page-0dc91e9409384d48.js]
[www.clickcannabis.com/image/galeria/click-runner/11.webp]
[www.clickcannabis.com/image/galeria/click-runner/12.webp]
[www.clickcannabis.com/image/galeria/click-runner/13.webp]
[www.clickcannabis.com/image/galeria/click-runner/14.webp]
[www.clickcannabis.com/image/galeria/click-runner/15.webp]
[www.clickcannabis.com/image/galeria/click-runner/16.webp]
[www.clickcannabis.com/image/galeria/click-runner/17.webp]
[www.clickcannabis.com/image/galeria/click-runner/18.webp]
[www.clickcannabis.com/image/galeria/click-runner/19.webp]
[www.clickcannabis.com/image/galeria/click-runner/20.webp]
[www.clickcannabis.com/image/galeria/click-runner/21.webp]
[www.clickcannabis.com/image/galeria/click-runner/22.webp]
[www.clickcannabis.com/image/galeria/click-runner/23.webp]
[www.clickcannabis.com/image/galeria/click-runner/24.webp]
[www.clickcannabis.com/image/galeria/click-runner/25.webp]
[www.clickcannabis.com/image/galeria/click-runner/26.webp]
[www.clickcannabis.com/galeria.html]
[www.clickcannabis.com/_next/static/chunks/app/sobre-nos/layout-2e94c9bb4b425e36.js]
[www.clickcannabis.com/_next/static/chunks/app/sobre-nos/page-f0621f81ba0ba24d.js]
[www.clickcannabis.com/_next/carnaval92af.jpg]
[www.clickcannabis.com/_next/Blog6679.png]
[www.clickcannabis.com/_next/5b671.jpg]
[www.clickcannabis.com/_next/carnaval495c.jpg]
[www.clickcannabis.com/_next/com-vocebb8c.jpg]
[www.clickcannabis.com/_next/Img-sobre-nos-s1dc1c.png]
[www.clickcannabis.com/_next/camisad87a.jpg]
[www.clickcannabis.com/_next/7cb13.jpg]
[www.clickcannabis.com/_next/4ca5a.jpg]
[www.clickcannabis.com/_next/backstage878f.jpg]
[www.clickcannabis.com/_next/praia4903.jpg]
[www.clickcannabis.com/_next/garrafad377.jpg]
[www.clickcannabis.com/_next/boneba06.jpg]
[www.clickcannabis.com/sobre-nos.html]
[www.clickcannabis.com/_next/static/chunks/f8025e75-1bc7cf06ec64b5ec.js]
[www.clickcannabis.com/_next/static/chunks/ee560e2c-a520fa7451a4d86b.js]
[www.clickcannabis.com/_next/static/chunks/app/seja-parceiro/page-912d61364254284d.js]
[www.clickcannabis.com/termos-de-uso.pdf]
[www.clickcannabis.com/seja-parceiro.html]
[www.clickcannabis.com/_next/static/chunks/app/duvidas-frequentes/layout-0aedc1e048f97663.js]
[www.clickcannabis.com/_next/static/chunks/app/duvidas-frequentes/page-7c3c8d01501d89d2.js]
[www.clickcannabis.com/duvidas-frequentes.html]
